[www.walmart.com/index.html]
[i5.walmartimages.com/beacon/beacon0f51.js]
[backblue.gif]
[fade.gif]
[index.html]
[i5.walmartimages.com/dfw/4ff9c6c9-9aff/k2-_629c8bf6-7911-4569-98fc-60cce3675153.v131cd.jpg]
[i5.walmartimages.com/dfw/4ff9c6c9-b4d1/k2-_802aff86-68d5-4e35-96e4-328a02b662ff.v14e71.jpg]
[i5.walmartimages.com/dfw/4ff9c6c9-8f8b/k2-_904fda64-b749-4c1c-8d66-421218316a99.v1b0b6.jpg]
[i5.walmartimages.com/dfw/4ff9c6c9-c4e9/k2-_076b4f3e-4db5-4581-8ba6-d2c3d24afa54.v16f9b.jpg]
[i5.walmartimages.com/dfw/4ff9c6c9-185d/k2-_010ddb50-b20e-4c4f-9eea-b86f509336e6.v16f9b.jpg]
[i5.walmartimages.com/dfw/4ff9c6c9-1f98/k2-_bce472b2-fa9c-4bb6-b359-0b66cca334c2.v16f9b.jpg]
[i5.walmartimages.com/dfw/4ff9c6c9-fcd2/k2-_5ccaba85-eb0c-4bdf-8f8c-5d514fc96a16.v1ffa0.jpg]
[i5.walmartimages.com/dfw/4ff9c6c9-ee15/k2-_81779be8-b5a7-4457-82c0-f008ea1ccf7e.v1ffa0.png]
[i5.walmartimages.com/dfw/4ff9c6c9-4b70/k2-_75265db7-0008-423e-8b1c-62a68c731010.v1b0b6.jpg]
[i5.walmartimages.com/dfw/4ff9c6c9-da1b/k2-_f6a16104-47f2-47ec-8bb7-73b035edbad2.v131cd.jpg]
[i5.walmartimages.com/dfw/4ff9c6c9-cb13/k2-_d175eb60-5c1b-4458-94c1-406eaf3c392d.v14e71.jpg]
[www.walmart.com/px/PXu6b0qd2S/init.js]
[i5.walmartimages.com/dfw/63fd9f59-ad83/5ffc05cf-5c83-47a7-8519-f3bc916ffaf8/v2/en-US/_next/static/css/f8ccb9ae2e46dcfa.css]
[i5.walmartimages.com/dfw/63fd9f59-ad83/5ffc05cf-5c83-47a7-8519-f3bc916ffaf8/v2/en-US/_next/static/chunks/polyfills-c67a75d1b6f99dc8.js]
[i5.walmartimages.com/dfw/63fd9f59-ad83/5ffc05cf-5c83-47a7-8519-f3bc916ffaf8/v2/en-US/_next/static/chunks/ui_item-queue_banner_queue-banner-657af7a7905a6d01.js]
[i5.walmartimages.com/dfw/63fd9f59-ad83/5ffc05cf-5c83-47a7-8519-f3bc916ffaf8/v2/en-US/_next/static/chunks/ui_event-timer_queue-timer.ade027effd6353b9.js]
[i5.walmartimages.com/dfw/63fd9f59-ad83/5ffc05cf-5c83-47a7-8519-f3bc916ffaf8/v2/en-US/_next/static/chunks/ads_core_hooks_use-should-not-render-2f7ee6bb7478e10f.js]
[i5.walmartimages.com/dfw/63fd9f59-ad83/5ffc05cf-5c83-47a7-8519-f3bc916ffaf8/v2/en-US/_next/static/chunks/ads_core_utils_get-viewport-3706e7e32737e3d7.js]
[i5.walmartimages.com/dfw/63fd9f59-ad83/5ffc05cf-5c83-47a7-8519-f3bc916ffaf8/v2/en-US/_next/static/chunks/intl-ads_video_video-player-0b106dbf46676a21.js]
[i5.walmartimages.com/dfw/63fd9f59-ad83/5ffc05cf-5c83-47a7-8519-f3bc916ffaf8/v2/en-US/_next/static/chunks/node_modules_.pnpm_react-device-detect@2.2.3_react-dom@18.2.0_re]
[i5.walmartimages.com/dfw/63fd9f59-ad83/5ffc05cf-5c83-47a7-8519-f3bc916ffaf8/v2/en-US/_next/static/chunks/ads_core_hooks_use-load-ivt.005388b8b40e7e37.js]
[i5.walmartimages.com/dfw/63fd9f59-ad83/5ffc05cf-5c83-47a7-8519-f3bc916ffaf8/v2/en-US/_next/static/chunks/intl-ads_ad-routing_intl-ad-routing-b07237bf59d72399.js]
[i5.walmartimages.com/dfw/63fd9f59-ad83/5ffc05cf-5c83-47a7-8519-f3bc916ffaf8/v2/en-US/_next/static/chunks/ads_core_components_remount-wrapper.c914792c1e18a79e.js]
[i5.walmartimages.com/dfw/63fd9f59-ad83/5ffc05cf-5c83-47a7-8519-f3bc916ffaf8/v2/en-US/_next/static/chunks/tempo-shared-modules_w-plus-banner.8ada8ab0d07a2dd7.js]
[i5.walmartimages.com/dfw/63fd9f59-ad83/5ffc05cf-5c83-47a7-8519-f3bc916ffaf8/v2/en-US/_next/static/chunks/search_data-access_transforms_common-query-to-props-401c40fe2e1e]
[i5.walmartimages.com/dfw/63fd9f59-ad83/5ffc05cf-5c83-47a7-8519-f3bc916ffaf8/v2/en-US/_next/static/chunks/webpack-a197968b03ef7fbd.js]
[i5.walmartimages.com/dfw/63fd9f59-ad83/5ffc05cf-5c83-47a7-8519-f3bc916ffaf8/v2/en-US/_next/static/chunks/framework-7eaac358fc49d140.js]
[i5.walmartimages.com/dfw/63fd9f59-ad83/5ffc05cf-5c83-47a7-8519-f3bc916ffaf8/v2/en-US/_next/static/chunks/main-2e78ceff18b17ee9.js]
[i5.walmartimages.com/dfw/63fd9f59-ad83/5ffc05cf-5c83-47a7-8519-f3bc916ffaf8/v2/en-US/_next/static/chunks/intl-ads_sponsored-products-tracking_use-sponsored-product-atc-d]
[i5.walmartimages.com/dfw/63fd9f59-ad83/5ffc05cf-5c83-47a7-8519-f3bc916ffaf8/v2/en-US/_next/static/chunks/ads_provider_utils_ad-util-3f3f2262b813be12.js]
[i5.walmartimages.com/dfw/63fd9f59-ad83/5ffc05cf-5c83-47a7-8519-f3bc916ffaf8/v2/en-US/_next/static/chunks/ui_quantity-stepper_quantity-stepper-fc08914343e575b0.js]
[i5.walmartimages.com/dfw/63fd9f59-ad83/5ffc05cf-5c83-47a7-8519-f3bc916ffaf8/v2/en-US/_next/static/chunks/pages/_app-4c8cd1fc8e065998.js]
[i5.walmartimages.com/dfw/63fd9f59-ad83/5ffc05cf-5c83-47a7-8519-f3bc916ffaf8/v2/en-US/_next/static/chunks/ui_product-tile_constants-b335c32f06ba2cbc.js]
[i5.walmartimages.com/dfw/63fd9f59-ad83/5ffc05cf-5c83-47a7-8519-f3bc916ffaf8/v2/en-US/_next/static/chunks/ui_intl-fees-dialog_intl-fees-dialog-a01253adc90eb7c2.js]
[i5.walmartimages.com/dfw/63fd9f59-ad83/5ffc05cf-5c83-47a7-8519-f3bc916ffaf8/v2/en-US/_next/static/chunks/ads_core_components_display-ad-wrapper-7fec0fa16e37bd50.17.delay]
[i5.walmartimages.com/dfw/63fd9f59-ad83/5ffc05cf-5c83-47a7-8519-f3bc916ffaf8/v2/en-US/_next/static/chunks/cart_pos_fees-311a288537b55310.js]
[i5.walmartimages.com/dfw/63fd9f59-ad83/5ffc05cf-5c83-47a7-8519-f3bc916ffaf8/v2/en-US/_next/static/chunks/cart_add-to-cart_add-to-cart-4575385a6142eb78.js]
[i5.walmartimages.com/dfw/63fd9f59-ad83/5ffc05cf-5c83-47a7-8519-f3bc916ffaf8/v2/en-US/_next/static/chunks/intl-ads_ad-routing_hooks_useAdOptions.1dc76c2730338e1d.18.delay]
[i5.walmartimages.com/dfw/63fd9f59-ad83/5ffc05cf-5c83-47a7-8519-f3bc916ffaf8/v2/en-US/_next/static/chunks/ui_product-tile_hooks_use-on-product-146fb8f16b84b843.js]
[i5.walmartimages.com/dfw/63fd9f59-ad83/5ffc05cf-5c83-47a7-8519-f3bc916ffaf8/v2/en-US/_next/static/chunks/ui_product-badge_product-badge-9383eed7c7fe221f.js]
[i5.walmartimages.com/dfw/63fd9f59-ad83/5ffc05cf-5c83-47a7-8519-f3bc916ffaf8/v2/en-US/_next/static/chunks/ui_review_constants-c998d1272daccd40.js]
[i5.walmartimages.com/dfw/63fd9f59-ad83/5ffc05cf-5c83-47a7-8519-f3bc916ffaf8/v2/en-US/_next/static/chunks/ui_product-tile_vertical-62440df4dc158bb4.js]
[i5.walmartimages.com/dfw/63fd9f59-ad83/5ffc05cf-5c83-47a7-8519-f3bc916ffaf8/v2/en-US/_next/static/chunks/ads_data-access_hooks_use-get-ad-query.870d9352e895ab4d.1b.delay]
[i5.walmartimages.com/dfw/63fd9f59-ad83/5ffc05cf-5c83-47a7-8519-f3bc916ffaf8/v2/en-US/_next/static/chunks/ads_provider_ads-context-provider-fc7cb7f4cfdd8605.js]
[i5.walmartimages.com/dfw/63fd9f59-ad83/5ffc05cf-5c83-47a7-8519-f3bc916ffaf8/v2/en-US/_next/static/chunks/ui_product-carousel_product-carousel-d5464eb69f86053e.js]
[i5.walmartimages.com/dfw/63fd9f59-ad83/5ffc05cf-5c83-47a7-8519-f3bc916ffaf8/v2/en-US/_next/static/chunks/ads_ui_video_video-player-53d4713886d4a7e3.js]
[i5.walmartimages.com/dfw/63fd9f59-ad83/5ffc05cf-5c83-47a7-8519-f3bc916ffaf8/v2/en-US/_next/static/chunks/tempo-shared-modules_adaptive-card_adaptive-card.5510ebd9903da7f]
[i5.walmartimages.com/dfw/63fd9f59-ad83/5ffc05cf-5c83-47a7-8519-f3bc916ffaf8/v2/en-US/_next/static/chunks/identity-next_ui_sign-in-button-10158998f2b9e1aa.js]
[i5.walmartimages.com/dfw/63fd9f59-ad83/5ffc05cf-5c83-47a7-8519-f3bc916ffaf8/v2/en-US/_next/static/chunks/prism_tranformation-utils_analytics-73c6c2ab5cb7a270.js]
[i5.walmartimages.com/dfw/63fd9f59-ad83/5ffc05cf-5c83-47a7-8519-f3bc916ffaf8/v2/en-US/_next/static/chunks/home_data-access_utils-87bf5e6c3910225f.js]
[i5.walmartimages.com/dfw/63fd9f59-ad83/5ffc05cf-5c83-47a7-8519-f3bc916ffaf8/v2/en-US/_next/static/chunks/item_shared_locale_messages-a03551b7bd39484a.js]
[i5.walmartimages.com/dfw/63fd9f59-ad83/5ffc05cf-5c83-47a7-8519-f3bc916ffaf8/v2/en-US/_next/static/chunks/pages/index-7ca10b1976993e9e.js]
[i5.walmartimages.com/dfw/63fd9f59-ad83/5ffc05cf-5c83-47a7-8519-f3bc916ffaf8/v2/en-US/_next/static/chunks/tempo-shared-modules_adaptive-card_adaptive-card-wrapper.1300eee]
[i5.walmartimages.com/dfw/63fd9f59-ad83/5ffc05cf-5c83-47a7-8519-f3bc916ffaf8/v2/en-US/_next/static/production_20250624T021518885Z-en-US/_buildManifest.js]
[i5.walmartimages.com/dfw/63fd9f59-ad83/5ffc05cf-5c83-47a7-8519-f3bc916ffaf8/v2/en-US/_next/static/production_20250624T021518885Z-en-US/_ssgManifest.js]
[i5.walmartimages.com/dfw/63fd9f59-ad83/5ffc05cf-5c83-47a7-8519-f3bc916ffaf8/v2/en-US/_next/static/chunks/node_modules_.pnpm_@walmart+use-safeframe@1.3.3_react@18.2_node_]
[i5.walmartimages.com/dfw/63fd9f59-ad83/5ffc05cf-5c83-47a7-8519-f3bc916ffaf8/v2/en-US/_next/static/chunks/ui_horizontal-scroller_horizontal-scroller-0fb28ac805feca53.25.d]
[i5.walmartimages.com/dfw/63fd9f59-ad83/5ffc05cf-5c83-47a7-8519-f3bc916ffaf8/v2/en-US/_next/static/chunks/payments_context_hooks_use-purchase-contract-2d084c4bbe920b7d.28]
[www.walmart.com/blocked393c.html]
[i5.walmartimages.com/dfw/63fd9f59-ad83/5ffc05cf-5c83-47a7-8519-f3bc916ffaf8/v2/en-US/_next/static/chunks/checkout_bookslot-data-access_bookslot-cloud-variables-b67cbb450]
[i5.walmartimages.com/dfw/4ff9c6c9-ad46/k2-_0a671c38-d307-447c-835e-7904ab143c26.v1.png]
[i5.walmartimages.com/dfw/63fd9f59-ad83/5ffc05cf-5c83-47a7-8519-f3bc916ffaf8/v2/en-US/_next/static/chunks/cart_page-view-checkout-beacon_page-view-beacon-e7b1c1aeb7d2c274]
[i5.walmartimages.com/dfw/63fd9f59-ad83/5ffc05cf-5c83-47a7-8519-f3bc916ffaf8/v2/en-US/_next/static/chunks/vision-center_lens-selection_helpers_utils-fd34cebd9b81b4fb.2f.d]
[www.walmart.com/blocked60fe.html]
[i5.walmartimages.com/dfw/63fd9f59-ad83/5ffc05cf-5c83-47a7-8519-f3bc916ffaf8/v2/en-US/_next/static/chunks/ui_product-tile_vertical_product-reward-50f412858af5589c.30.dela]
[i5.walmartimages.com/dfw/63fd9f59-ad83/5ffc05cf-5c83-47a7-8519-f3bc916ffaf8/v2/en-US/_next/static/chunks/ui_product-tile_vertical_product-promo-discount-8a558fdd1ceafdfa]
[i5.walmartimages.com/dfw/63fd9f59-ad83/5ffc05cf-5c83-47a7-8519-f3bc916ffaf8/v2/en-US/_next/static/chunks/ads_core_hooks_use-is-tracking-enabled-f37b48485e04433f.36.delay]
[www.walmart.com/blockeda431.html]
[i5.walmartimages.com/dfw/63fd9f59-ad83/5ffc05cf-5c83-47a7-8519-f3bc916ffaf8/v2/en-US/_next/static/chunks/platform_tempo_components_tempo-layout-d18529df427c5fec.37.delay]
[i5.walmartimages.com/dfw/63fd9f59-ad83/5ffc05cf-5c83-47a7-8519-f3bc916ffaf8/v2/en-US/_next/static/chunks/ui_product-tile_vertical_product-flag-383e689ab39bd9ef.38.delaye]
[i5.walmartimages.com/dfw/63fd9f59-ad83/5ffc05cf-5c83-47a7-8519-f3bc916ffaf8/v2/en-US/_next/static/chunks/ui_product-tile_vertical_product-image-4d0ae80f466dbf62.39.delay]
[www.walmart.com/blocked1449.html]
[i5.walmartimages.com/dfw/63fd9f59-ad83/5ffc05cf-5c83-47a7-8519-f3bc916ffaf8/v2/en-US/_next/static/chunks/ads_sponsored-products-tracking_ad-click-beacon-59447cc443940cfe]
[i5.walmartimages.com/dfw/63fd9f59-ad83/5ffc05cf-5c83-47a7-8519-f3bc916ffaf8/v2/en-US/_next/static/chunks/ads_core_components_ads-error-boundary-6eff3f57930ae351.3f.delay]
[i5.walmartimages.com/dfw/63fd9f59-ad83/5ffc05cf-5c83-47a7-8519-f3bc916ffaf8/v2/en-US/_next/static/chunks/repurchase_data-access_repurchase-cloud-variables-4ce94e12574ebe]
[www.walmart.com/blockede178.html]
[www.walmart.com/blocked554f.html]
[www.walmart.com/blocked76f6.html]
[www.walmart.com/blockedadaf.html]
[www.walmart.com/blockedbd30.html]
[www.walmart.com/blocked6116.html]
[www.walmart.com/blocked98c0.html]
[www.walmart.com/blockedb85f.html]
[i5.walmartimages.com/dfw/4ff9c6c9-6a64/k2-_ed75a355-d6eb-4ba7-8e1a-86ff638857a1.v13f59.png]
[www.walmart.com/blockedccb3.html]
[www.walmart.com/blocked5f7b.html]
[www.walmart.com/blocked166d.html]
[www.walmart.com/blockedba48.html]
[www.walmart.com/blocked3b88.html]
[www.walmart.com/blocked7ab1.html]
[www.walmart.com/blocked21ee.html]
[www.walmart.com/blocked25bb.html]
[www.walmart.com/blockedb37e.html]
[www.walmart.com/blocked0c2f.html]
[i5.walmartimages.com/dfw/63fd9f59-4be1/0e321069-d42a-42ae-9b17-6987bf35d3ad/v1/privacy-choices-dweb.png]
[www.walmart.com/blockedf247.html]
[www.walmart.com/blocked6444.html]
[www.walmart.com/blocked826d.html]
[www.walmart.com/blocked0142.html]
[www.walmart.com/blockede1e2.html]
[www.walmart.com/blockeda07a.html]
[www.walmart.com/index.html]
[i5.walmartimages.com/dfw/63fd9f59-ad83/5ffc05cf-5c83-47a7-8519-f3bc916ffaf8/v2/en-US/_next/static/css/f8ccb9ae2e46dcfa.css]
[www.walmart.com/6255ed72d86ece856725a2d80878bce6.eot]
[www.walmart.com/fd827841624904d4b8f51d20174fa3a4.woff2]
[www.walmart.com/5b38b158833d0265af2b1c1093e489bd.woff]
[www.walmart.com/2ebae25dcb1bb39acbac9cffd8f10b15.ttf]
[www.walmart.com/si/snr.js]
[www.walmart.com/blockedccbd.html]
[www.walmart.com/blocked6a4f.html]
[www.walmart.com/blocked393c.html]
[www.walmart.com/blocked60fe.html]
[www.walmart.com/blockeda431.html]
[www.walmart.com/blocked1449.html]
[www.walmart.com/blockede178.html]
[www.walmart.com/blocked554f.html]
[www.walmart.com/blocked76f6.html]
[www.walmart.com/blockedadaf.html]
[www.walmart.com/blockedbd30.html]
[www.walmart.com/blocked6116.html]
[www.walmart.com/blocked98c0.html]
[www.walmart.com/blockedb85f.html]
[www.walmart.com/blockedccb3.html]
[www.walmart.com/blocked5f7b.html]
[www.walmart.com/blocked166d.html]
[www.walmart.com/blockedba48.html]
[www.walmart.com/blocked3b88.html]
[www.walmart.com/blocked7ab1.html]
[www.walmart.com/blocked21ee.html]
[www.walmart.com/blocked25bb.html]
[www.walmart.com/blockedb37e.html]
[www.walmart.com/blocked0c2f.html]
[www.walmart.com/blockedf247.html]
[www.walmart.com/blocked6444.html]
[www.walmart.com/blocked826d.html]
[www.walmart.com/blocked0142.html]
[www.walmart.com/blockede1e2.html]
[www.walmart.com/blockeda07a.html]
[www.walmart.com/6255ed72d86ece856725a2d80878bce6.html]
[www.walmart.com/fd827841624904d4b8f51d20174fa3a4.html]
[www.walmart.com/5b38b158833d0265af2b1c1093e489bd.html]
[www.walmart.com/2ebae25dcb1bb39acbac9cffd8f10b15.html]
[www.walmart.com/blockedccbd.html]
[www.walmart.com/blocked6a4f.html]
